2026-04-24 13:43:26,483 INFO discord [srv=691750774883221567]: 🔥 ENTER initialize_server_complete for 'Niu de Ocells' (language=en-US)
2026-04-24 13:43:26,483 INFO discord [srv=691750774883221567]: 🚀 Initializing server on startup: 'Niu de Ocells' (691750774883221567)
2026-04-24 13:43:26,485 INFO discord [srv=691750774883221567]: 📁 Setting up server-specific personality for Niu de Ocells
2026-04-24 13:43:26,485 INFO db_init [srv=691750774883221567]: 📋 Using default_language from agent_config.json: es-ES
2026-04-24 13:43:26,485 INFO db_init [srv=691750774883221567]: 📋 Using system default personality: putre
2026-04-24 13:43:26,486 INFO db_init [srv=691750774883221567]: 📁 Server-specific personality already exists: /home/mtx/Documentos/RoleAgentBot/databases/691750774883221567/putre
2026-04-24 13:43:26,486 INFO db_init [srv=691750774883221567]: ✅ Updated server_config.json with active_personality: putre, language: es-ES, roles/behaviors sections
2026-04-24 13:43:26,486 INFO discord [srv=691750774883221567]: ✅ Server-specific personality ready for Niu de Ocells
2026-04-24 13:43:26,486 INFO discord_utils [srv=691750774883221567]: 🔄 Updating bot identity in 'Niu de Ocells': avatar: updated (381996 bytes)
2026-04-24 13:43:27,016 INFO discord_utils [srv=691750774883221567]: ✅ Identity updated in 'Niu de Ocells': avatar=updated
2026-04-24 13:43:27,016 INFO discord [srv=691750774883221567]: ✅ Bot identity synced for server 'Niu de Ocells': avatar updated
2026-04-24 13:43:27,016 INFO discord [srv=691750774883221567]: 🗄️ Initializing databases for Niu de Ocells
2026-04-24 13:43:27,017 INFO db_init [srv=691750774883221567]: 🗄️ Initializing all databases for server 691750774883221567
2026-04-24 13:43:27,030 INFO db [srv=691750774883221567]: 🗄️ [DB] Initializing database at: /home/mtx/Documentos/RoleAgentBot/databases/691750774883221567/agent_putre.db
2026-04-24 13:43:27,041 INFO db [srv=691750774883221567]: ✅ [DB] Database accessible at: /home/mtx/Documentos/RoleAgentBot/databases/691750774883221567/agent_putre.db
2026-04-24 13:43:27,065 INFO db [srv=691750774883221567]: 🧠 [DB] Initialized 1 notable recollections from personality JSON
2026-04-24 13:43:27,065 INFO db [srv=691750774883221567]: ✅ Database ready at /home/mtx/Documentos/RoleAgentBot/databases/691750774883221567/agent_putre.db
2026-04-24 13:43:27,068 INFO db_init [srv=691750774883221567]: ✅ Agent database initialized for server 691750774883221567
2026-04-24 13:43:27,148 INFO agent_roles_db [srv=691750774883221567]: Roles database initialized at: /home/mtx/Documentos/RoleAgentBot/databases/691750774883221567/roles_putre.db
2026-04-24 13:43:27,151 INFO db_init [srv=691750774883221567]: ✅ Roles database initialized for server 691750774883221567
2026-04-24 13:43:27,168 INFO db_behavior [srv=691750774883221567]: Behavior database initialized for server: 691750774883221567
2026-04-24 13:43:27,168 INFO db_init [srv=691750774883221567]: ✅ Behavior database initialized for server 691750774883221567
2026-04-24 13:43:27,175 INFO db_init [srv=691750774883221567]: ✅ banker database initialized for server 691750774883221567
2026-04-24 13:43:27,187 INFO db_role_news_watcher [srv=691750774883221567]: ✅ News watcher database ready at /home/mtx/Documentos/RoleAgentBot/databases/691750774883221567/roles_putre.db
2026-04-24 13:43:27,187 INFO db_init [srv=691750774883221567]: ✅ news_watcher database initialized for server 691750774883221567
2026-04-24 13:43:27,196 INFO db_role_treasure_hunter [srv=691750774883221567]: ✅ Notifications table initialized
2026-04-24 13:43:27,196 INFO db_role_treasure_hunter [srv=691750774883221567]: ✅ Treasure Hunter database ready at /home/mtx/Documentos/RoleAgentBot/databases/shared_poe2/PoE2Standard.db
2026-04-24 13:43:27,196 INFO db_init [srv=691750774883221567]: ✅ treasure_hunter database initialized for server 691750774883221567
2026-04-24 13:43:27,257 INFO db_role_mc [srv=691750774883221567]: MC database ready at /home/mtx/Documentos/RoleAgentBot/databases/691750774883221567/roles_putre.db
2026-04-24 13:43:27,257 INFO db_init [srv=691750774883221567]: ✅ mc database initialized for server 691750774883221567
2026-04-24 13:43:27,266 INFO db_init [srv=691750774883221567]: ✅ dice_game database initialized for server 691750774883221567
2026-04-24 13:43:27,266 INFO db_init [srv=691750774883221567]: 📊 Database initialization complete for server 691750774883221567: 8/8 (100.0%)
2026-04-24 13:43:27,266 INFO discord [srv=691750774883221567]: ✅ All databases initialized successfully for Niu de Ocells
2026-04-24 13:43:27,267 INFO discord [srv=691750774883221567]: 🧠 First time initialization for 'Niu de Ocells', scheduling daily memory bootstrap...
2026-04-24 13:43:27,267 INFO server_config [srv=691750774883221567]: Updated role config news_watcher.enabled for server 691750774883221567
2026-04-24 13:43:27,267 INFO server_config [srv=691750774883221567]: Updated role config treasure_hunter.enabled for server 691750774883221567
2026-04-24 13:43:27,268 INFO server_config [srv=691750774883221567]: Updated role config trickster.enabled for server 691750774883221567
2026-04-24 13:43:27,268 INFO server_config [srv=691750774883221567]: Updated role config trickster.config.subroles.dice_game.enabled for server 691750774883221567
2026-04-24 13:43:27,268 INFO server_config [srv=691750774883221567]: Updated role config trickster.config.subroles.dice_game.fixed_bet for server 691750774883221567
2026-04-24 13:43:27,268 INFO server_config [srv=691750774883221567]: Updated role config shaman.enabled for server 691750774883221567
2026-04-24 13:43:27,269 INFO server_config [srv=691750774883221567]: Updated role config shaman.config.subroles.nordic_runes.enabled for server 691750774883221567
2026-04-24 13:43:27,269 INFO server_config [srv=691750774883221567]: Updated role config mc.enabled for server 691750774883221567
2026-04-24 13:43:27,269 INFO server_config [srv=691750774883221567]: Updated role config banker.enabled for server 691750774883221567
2026-04-24 13:43:27,270 INFO server_config [srv=691750774883221567]: Updated role config banker.config.subroles.beggar.enabled for server 691750774883221567
2026-04-24 13:43:27,270 INFO server_config [srv=691750774883221567]: Updated role config banker.config.subroles.beggar.frequency_hours for server 691750774883221567
2026-04-24 13:43:27,270 INFO server_config [srv=691750774883221567]: Updated role config juggler.enabled for server 691750774883221567
2026-04-24 13:43:27,271 INFO server_config [srv=691750774883221567]: Updated role config juggler.config.subroles.ring.enabled for server 691750774883221567
2026-04-24 13:43:27,271 INFO server_config [srv=691750774883221567]: Updated role config juggler.config.subroles.ring.frequency_hours for server 691750774883221567
2026-04-24 13:43:27,271 INFO discord [srv=691750774883221567]: ✅ Default roles loaded for server 'Niu de Ocells': ['news_watcher', 'treasure_hunter', 'trickster', 'shaman', 'mc', 'banker', 'juggler']
2026-04-24 13:43:27,272 INFO init_roles_config [srv=691750774883221567]: Initializing server_config.json for server 691750774883221567
2026-04-24 13:43:27,272 INFO init_roles_config [srv=691750774883221567]: ℹ️ All roles already initialized in server_config.json
2026-04-24 13:43:27,272 INFO init_roles_config [srv=691750774883221567]: 📊 Final state: 7 roles in server_config.json
2026-04-24 13:43:27,272 INFO init_roles_config [srv=691750774883221567]:    • banker: enabled=True
2026-04-24 13:43:27,272 INFO init_roles_config [srv=691750774883221567]:    • juggler: enabled=True
2026-04-24 13:43:27,272 INFO init_roles_config [srv=691750774883221567]:    • mc: enabled=True
2026-04-24 13:43:27,272 INFO init_roles_config [srv=691750774883221567]:    • news_watcher: enabled=True
2026-04-24 13:43:27,272 INFO init_roles_config [srv=691750774883221567]:    • shaman: enabled=True
2026-04-24 13:43:27,272 INFO init_roles_config [srv=691750774883221567]:    • treasure_hunter: enabled=True
2026-04-24 13:43:27,273 INFO init_roles_config [srv=691750774883221567]:    • trickster: enabled=True
2026-04-24 13:43:27,273 INFO discord [srv=691750774883221567]: ⚙️ Roles configuration initialized for server Niu de Ocells
2026-04-24 13:43:27,273 INFO discord [srv=691750774883221567]: 📊 Server startup initialization complete for 'Niu de Ocells': 4/4 (100.0%)
2026-04-24 13:43:27,273 INFO discord [srv=691750774883221567]: 🚀 initialize_server_complete returned: True
2026-04-24 13:43:27,273 INFO discord [srv=691750774883221567]: ✅ Server initialization completed successfully for 'Niu de Ocells'
2026-04-24 13:43:27,273 INFO discord [srv=691750774883221567]: 🚀 Initializing server: 'Dev Server' (1472671221027045648)
2026-04-24 13:43:27,273 INFO discord_utils [srv=691750774883221567]: Server 'Dev Server' preferred_locale detected: en-US
2026-04-24 13:43:27,273 INFO server_config [srv=691750774883221567]: Detected language 'en-US' for server 1472671221027045648, mapped to 'en-US'
2026-04-24 13:43:27,274 INFO discord [srv=691750774883221567]: 🌐 Server language detected/set to: en-US for 'Dev Server'
2026-04-24 13:43:27,274 INFO discord [srv=691750774883221567]: 🚀 About to call initialize_server_complete for 'Dev Server' with language=en-US
2026-04-24 13:43:27,315 WARNING ring_discord [srv=691750774883221567]: Error loading ring state for server 691750774883221567: 'NoneType' object has no attribute 'get'
2026-04-24 13:43:31,103 INFO agent_engine [srv=691750774883221567]: 🏁 [ASYNC] Vertex AI completed in 3.79s: 129 chars
2026-04-24 13:43:31,103 INFO agent_engine [srv=691750774883221567]: 📊 [FATIGUE] Incremented counter for PUTRE
2026-04-24 13:43:31,110 INFO agent_mind [srv=691750774883221567]: 🧠 [DAILY_MEMORY] Updated summary for 691750774883221567 on 2026-04-24 (recollections: 1, dreaming: False)
2026-04-24 13:43:31,110 INFO discord [srv=691750774883221567]: ✅ Daily memory bootstrap completed for 'Niu de Ocells': Putre no recordar na importante de oy. Putre ezta ...
